
> httpsroyalketa.com@0.0.0 build
> npm run generate:all && tsc -b && vite build


> httpsroyalketa.com@0.0.0 generate:all
> npm run generate:sitemap && npm run generate:og && npm run generate:static


> httpsroyalketa.com@0.0.0 generate:sitemap
> tsx scripts/generate-sitemap.ts

тЬЕ Sitemap generated at C:\Users\konfu\Desktop\royalketa.com\public\sitemap.xml
ЁЯУЭ Total URLs: 19

> httpsroyalketa.com@0.0.0 generate:og
> tsx scripts/generate-og-images.ts

тЬЕ Generated: home.svg
тЬЕ Generated: hatchery-tour.svg
тЬЕ Generated: science.svg
тЬЕ Generated: caviar.svg
тЬЕ Generated: investment.svg
тЬЕ Generated: tokenization.svg
тЬЕ Generated: pricing.svg
тЬЕ Generated: gallery.svg
тЬЕ Generated: blog.svg
тЬЕ Generated: faq.svg
тЬЕ Generated: about.svg
тЬЕ Generated: contacts.svg
тЬЕ Generated: partners.svg
тЬЕ Generated: crabbing.svg
тЬЕ Generated: salmon-info.svg
тЬЕ Generated: sturgeon-info.svg
тЬЕ Generated: mercury.svg
тЬЕ Generated: legal.svg

ЁЯОи Total OG images generated: 18
ЁЯУЭ Note: SVG files created. For production, convert to PNG (1200x630) using imagemagick or online tools.

> httpsroyalketa.com@0.0.0 generate:static
> tsx scripts/generate-static-pages.ts

ЁЯПЧя╕П  Generating static HTML pages with OG meta tags...

тПня╕П  Skipping root index.html (handled by Vite)
тЬЕ Generated: C:\Users\konfu\Desktop\royalketa.com\public\hatchery-tour\index.html
тЬЕ Generated: C:\Users\konfu\Desktop\royalketa.com\public\science\index.html
тЬЕ Generated: C:\Users\konfu\Desktop\royalketa.com\public\caviar\index.html
тЬЕ Generated: C:\Users\konfu\Desktop\royalketa.com\public\investment\index.html
тЬЕ Generated: C:\Users\konfu\Desktop\royalketa.com\public\tokenization\index.html
тЬЕ Generated: C:\Users\konfu\Desktop\royalketa.com\public\pricing\index.html
тЬЕ Generated: C:\Users\konfu\Desktop\royalketa.com\public\gallery\index.html
тЬЕ Generated: C:\Users\konfu\Desktop\royalketa.com\public\blog\index.html
тЬЕ Generated: C:\Users\konfu\Desktop\royalketa.com\public\faq\index.html
тЬЕ Generated: C:\Users\konfu\Desktop\royalketa.com\public\about\index.html
тЬЕ Generated: C:\Users\konfu\Desktop\royalketa.com\public\contacts\index.html
тЬЕ Generated: C:\Users\konfu\Desktop\royalketa.com\public\partners\index.html
тЬЕ Generated: C:\Users\konfu\Desktop\royalketa.com\public\crabbing\index.html
тЬЕ Generated: C:\Users\konfu\Desktop\royalketa.com\public\salmon-info\index.html
тЬЕ Generated: C:\Users\konfu\Desktop\royalketa.com\public\sturgeon-info\index.html
тЬЕ Generated: C:\Users\konfu\Desktop\royalketa.com\public\legal\index.html

ЁЯОЙ Total pages generated: 16 (root skipped)
ЁЯУЭ Note: These files will be served to social media bots for OG preview cards.
ЁЯУЭ Root index.html is handled by Vite during build.
[36mvite v7.1.12 [32mbuilding for production...[36m[39m
transforming...
[32mтЬУ[39m 2159 modules transformed.
rendering chunks...
computing gzip size...
[2mdist/[22m[32mindex.html                       [39m[1m[2m  3.21 kB[22m[1m[22m[2m тФВ gzip:  1.07 kB[22m
[2mdist/[22m[35massets/index-hEAltJHw.css        [39m[1m[2m 56.96 kB[22m[1m[22m[2m тФВ gzip: 13.86 kB[22m
[2mdist/[22m[36massets/ui-vendor-DBZLU1bA.js     [39m[1m[2m140.68 kB[22m[1m[22m[2m тФВ gzip: 44.84 kB[22m
[2mdist/[22m[36massets/map-vendor-DAGU9IPg.js    [39m[1m[2m149.66 kB[22m[1m[22m[2m тФВ gzip: 43.40 kB[22m
[2mdist/[22m[36massets/react-vendor-CNVHgbtP.js  [39m[1m[2m224.13 kB[22m[1m[22m[2m тФВ gzip: 73.51 kB[22m
[2mdist/[22m[36massets/index-DJ8keUYO.js         [39m[1m[2m378.94 kB[22m[1m[22m[2m тФВ gzip: 80.30 kB[22m
[32mтЬУ built in 8.01s[39m
